# Generated by tools/ym3438-reference.cpp --audio against MAME
# bd7e0b815842ec461e8ad2538d127f3332f5c96c. No snapshot inspection in audio mode.
# Hash covers frame count followed by all signed stereo samples as LE i32.
T 0 0 # 4d25767f9dce13f5
N 4096 # 3d832b3d701e5979
T 1 0 # 4d25767f9dce13f5
N 4096 # 1f2ede99ca3ccb1d
T 2 0 # 4d25767f9dce13f5
N 4096 # 699a29e1ecc81351
T 3 0 # 4d25767f9dce13f5
N 4096 # 7d951143daf3ba75
T 4 0 # 4d25767f9dce13f5
N 4096 # b4a0994f059a9021
T 5 0 # 4d25767f9dce13f5
N 4096 # e91ea0b11ef1d9fd
T 6 0 # 4d25767f9dce13f5
N 4096 # e3589c9536660679
T 7 0 # 4d25767f9dce13f5
N 4096 # ec39c90b2fac9351
T 8 0 # 4d25767f9dce13f5
N 4096 # 6612a04f97127611
T 9 0 # 4d25767f9dce13f5
N 4096 # 8a9648627dad5b69
T 10 0 # 4d25767f9dce13f5
N 4096 # 9caff919bcf88fa5
T 11 0 # 4d25767f9dce13f5
N 4096 # fb404fe7b9682195
T 12 0 # 4d25767f9dce13f5
N 4096 # 0c4124f4ca5bc4b5
T 13 0 # 4d25767f9dce13f5
N 4096 # 66f8e5b72f840b8d
T 14 0 # 4d25767f9dce13f5
N 4096 # 27c0b31ccddd31e9
T 15 0 # 4d25767f9dce13f5
N 4096 # 81c1941072c04ad1
T 16 0 # 4d25767f9dce13f5
N 4096 # fb3c8978216746ed
T 17 0 # 4d25767f9dce13f5
N 4096 # 09a2d75b1dd9db7d
T 18 0 # 4d25767f9dce13f5
N 4096 # 10f371f54759bed5
T 19 0 # 4d25767f9dce13f5
N 4096 # 0770a530a0604665
T 20 0 # 4d25767f9dce13f5
N 4096 # 00fde73f925e5bd1
T 21 0 # 4d25767f9dce13f5
N 4096 # 8d50e5901b7a5e51
T 22 0 # 4d25767f9dce13f5
N 4096 # 76bb211bdd4e4d2d
T 23 0 # 4d25767f9dce13f5
N 4096 # ad401dfe85c970c5
T 24 0 # 4d25767f9dce13f5
N 4096 # b50f2f44498f0c35
T 25 0 # 4d25767f9dce13f5
N 4096 # 589d8569c646f58d
T 26 0 # 4d25767f9dce13f5
N 4096 # 8f11ead1defcb8ad
T 27 0 # 4d25767f9dce13f5
N 4096 # 11de40b98b037a25
T 28 0 # 4d25767f9dce13f5
N 4096 # e0bce4977438ea8d
T 29 0 # 4d25767f9dce13f5
N 4096 # d4e9a16bc911c949
T 30 0 # 4d25767f9dce13f5
N 4096 # ec8822b724b3fdb1
T 31 0 # 4d25767f9dce13f5
N 4096 # cedc70fd928511d5
T 32 0 # 4d25767f9dce13f5
N 4096 # 6fd5162d7b158671
T 33 0 # 4d25767f9dce13f5
N 4096 # 2e88ec6accd5b819
T 34 0 # 4d25767f9dce13f5
N 4096 # c6a77c793a4869b5
T 35 0 # 4d25767f9dce13f5
N 4096 # c9151290a6a64a15
T 36 0 # 4d25767f9dce13f5
N 4096 # f982b7785a3fdc15
T 37 0 # 4d25767f9dce13f5
N 4096 # 8ee018c589232eb9
T 38 0 # 4d25767f9dce13f5
N 4096 # 6061f8ad6b9a11d1
T 39 0 # 4d25767f9dce13f5
N 4096 # c789e6b036fd8999
T 40 0 # 4d25767f9dce13f5
N 4096 # 9c6c4d3f294082bd
T 41 0 # 4d25767f9dce13f5
N 4096 # e6dea1e495dd79f9
T 42 0 # 4d25767f9dce13f5
N 4096 # 2e9c1afd0ed42031
T 43 0 # 4d25767f9dce13f5
N 4096 # 7fb8b9f8702cebf1
T 44 0 # 4d25767f9dce13f5
N 4096 # cde83a032fb222b9
T 45 0 # 4d25767f9dce13f5
N 4096 # c66d3cbeac439781
T 46 0 # 4d25767f9dce13f5
N 4096 # b3d1f49c35632ead
T 47 0 # 4d25767f9dce13f5
N 4096 # de70e01692f7a38d
T 48 0 # 4d25767f9dce13f5
N 4096 # 5a09d1dea06a8cf5
T 49 0 # 4d25767f9dce13f5
N 4096 # efe08607d3a43a25
T 50 0 # 4d25767f9dce13f5
N 4096 # fb80a5e2305f50c9
T 51 0 # 4d25767f9dce13f5
N 4096 # effa02d72d934dad
T 52 0 # 4d25767f9dce13f5
N 4096 # 34b8a0f464693ab1
T 53 0 # 4d25767f9dce13f5
N 4096 # ab3bfc2f0b5267a9
T 54 0 # 4d25767f9dce13f5
N 4096 # b538eb86669e1369
T 55 0 # 4d25767f9dce13f5
N 4096 # dd7dbf7f03387161
T 56 0 # 4d25767f9dce13f5
N 4096 # 8524f59d4101f3f5
T 57 0 # 4d25767f9dce13f5
N 4096 # 2920a10862249609
T 58 0 # 4d25767f9dce13f5
N 4096 # 946df76d49256d41
T 59 0 # 4d25767f9dce13f5
N 4096 # 7830227698873ae1
T 60 0 # 4d25767f9dce13f5
N 4096 # 7486deaec6897081
T 61 0 # 4d25767f9dce13f5
N 4096 # 405a015e27135fdd
T 62 0 # 4d25767f9dce13f5
N 4096 # a28f9df83bd21629
T 63 0 # 4d25767f9dce13f5
N 4096 # 439443d9daef4b45
T 63 0 # 4d25767f9dce13f5
A 13 # 4d25767f9dce13f5
N 4096 # 439443d9daef4b45
W 0 40 # 4d25767f9dce13f5
W 1 0 # 4d25767f9dce13f5
N 8192 # f8a0e1dae5aa7b31
T 63 1 # 4d25767f9dce13f5
A 13 # 4d25767f9dce13f5
N 4096 # 1b8c42268bb70648
W 0 40 # 4d25767f9dce13f5
W 1 1 # 4d25767f9dce13f5
N 8192 # b58f1ae930037c98
T 63 2 # 4d25767f9dce13f5
A 13 # 4d25767f9dce13f5
N 4096 # 3cb470934b80be7c
W 0 40 # 4d25767f9dce13f5
W 1 2 # 4d25767f9dce13f5
N 8192 # f993ce13a01e0edc
T 63 3 # 4d25767f9dce13f5
A 13 # 4d25767f9dce13f5
N 4096 # 5552136c8e14f901
W 0 40 # 4d25767f9dce13f5
W 1 4 # 4d25767f9dce13f5
N 8192 # 87f765fc04a84915
T 63 4 # 4d25767f9dce13f5
A 13 # 4d25767f9dce13f5
N 4096 # 3685f2b0aba9a1eb
W 0 40 # 4d25767f9dce13f5
W 1 5 # 4d25767f9dce13f5
N 8192 # 50253ed6cf7ba6a4
T 63 5 # 4d25767f9dce13f5
A 13 # 4d25767f9dce13f5
N 4096 # 7f42d136f6b2edaa
W 0 40 # 4d25767f9dce13f5
W 1 6 # 4d25767f9dce13f5
N 8192 # 8a6e22cbb2b5d409
T 575 0 # 4d25767f9dce13f5
N 16384 # ad0ae57d68109b59
W 0 40 # 4d25767f9dce13f5
W 1 0 # 4d25767f9dce13f5
N 4096 # dcb50347e19017dd
T 639 0 # 4d25767f9dce13f5
N 16384 # b9ae523973415629
W 0 40 # 4d25767f9dce13f5
W 1 0 # 4d25767f9dce13f5
N 4096 # 3190e2ec5b00e7e5
T 703 0 # 4d25767f9dce13f5
N 16384 # 6891f5530661552d
W 0 40 # 4d25767f9dce13f5
W 1 0 # 4d25767f9dce13f5
N 4096 # f3a05e1661da5ae1
T 767 0 # 4d25767f9dce13f5
N 16384 # 2a7924c8400d9609
W 0 40 # 4d25767f9dce13f5
W 1 0 # 4d25767f9dce13f5
N 4096 # 5c929056123ff229
T 831 0 # 4d25767f9dce13f5
N 16384 # b8920aa8eee57969
W 0 40 # 4d25767f9dce13f5
W 1 0 # 4d25767f9dce13f5
N 4096 # 38362c8271b78e9d
T 895 0 # 4d25767f9dce13f5
N 16384 # 2bee89f70f1c86d9
W 0 40 # 4d25767f9dce13f5
W 1 0 # 4d25767f9dce13f5
N 4096 # 596d1fbcdd21fb2d
T 959 0 # 4d25767f9dce13f5
N 16384 # 7963fdc6fe913d61
W 0 40 # 4d25767f9dce13f5
W 1 0 # 4d25767f9dce13f5
N 4096 # f6004a0dfd13070d
T 1023 0 # 4d25767f9dce13f5
N 16384 # f78eb31e738b4705
W 0 40 # 4d25767f9dce13f5
W 1 0 # 4d25767f9dce13f5
N 4096 # 0c3bee2126efbff5
T 8255 0 # 4d25767f9dce13f5
N 16384 # 41f2044e6caa7b3d
T 90175 0 # 4d25767f9dce13f5
N 16384 # 2ed1a195045ae931
T 172095 0 # 4d25767f9dce13f5
N 16384 # bd9808bd241c306d
T 254015 0 # 4d25767f9dce13f5
N 16384 # 714543cf83a7c8a5
T 270399 0 # 4d25767f9dce13f5
N 16384 # 067352a13b6141b9
T 352319 0 # 4d25767f9dce13f5
N 16384 # b9e64b9a9f15bddd
T 434239 0 # 4d25767f9dce13f5
N 16384 # 851f201400260d89
T 516159 0 # 4d25767f9dce13f5
N 16384 # 8d2c825d74eb3b29
T 9279 0 # 4d25767f9dce13f5
N 16384 # 41f2044e6caa7b3d
T 91199 0 # 4d25767f9dce13f5
N 16384 # 6fccde494bcf1681
T 173119 0 # 4d25767f9dce13f5
N 16384 # 7795bcf0c76fbe01
T 255039 0 # 4d25767f9dce13f5
N 16384 # 2aa9935762a0eb4d
T 271423 0 # 4d25767f9dce13f5
N 16384 # faa10efdebffcb25
T 353343 0 # 4d25767f9dce13f5
N 16384 # 407b59ad085373b9
T 435263 0 # 4d25767f9dce13f5
N 16384 # 4ebfd0352a9cd85d
T 517183 0 # 4d25767f9dce13f5
N 16384 # ddb96158a4a9ac45
T 10303 0 # 4d25767f9dce13f5
N 16384 # 41f2044e6caa7b3d
T 92223 0 # 4d25767f9dce13f5
N 16384 # a8574e371a28de0d
T 174143 0 # 4d25767f9dce13f5
N 16384 # 889771ff7d95797d
T 256063 0 # 4d25767f9dce13f5
N 16384 # 0698e80058fb1075
T 272447 0 # 4d25767f9dce13f5
N 16384 # 6abc9b7a7db361b9
T 354367 0 # 4d25767f9dce13f5
N 16384 # d6f1b6edfab38595
T 436287 0 # 4d25767f9dce13f5
N 16384 # 920fcbb94d5291e1
T 518207 0 # 4d25767f9dce13f5
N 16384 # 0f6d9a17e5d3aa4d
T 11327 0 # 4d25767f9dce13f5
N 16384 # 41f2044e6caa7b3d
T 93247 0 # 4d25767f9dce13f5
N 16384 # 77d1c094cd837ed5
T 175167 0 # 4d25767f9dce13f5
N 16384 # 7bf3db1857001645
T 257087 0 # 4d25767f9dce13f5
N 16384 # 46573658fb1536a1
T 273471 0 # 4d25767f9dce13f5
N 16384 # f699bba62b0f75f5
T 355391 0 # 4d25767f9dce13f5
N 16384 # 6efd8a27b5387011
T 437311 0 # 4d25767f9dce13f5
N 16384 # ec0e553417c52cb9
T 519231 0 # 4d25767f9dce13f5
N 16384 # 3bb31ace4408eac5
T 12351 0 # 4d25767f9dce13f5
N 16384 # 41f2044e6caa7b3d
T 94271 0 # 4d25767f9dce13f5
N 16384 # 6ba6dde81b55ed85
T 176191 0 # 4d25767f9dce13f5
N 16384 # 6c714a17a72c308d
T 258111 0 # 4d25767f9dce13f5
N 16384 # 98e5e32b5a9f9a29
T 274495 0 # 4d25767f9dce13f5
N 16384 # d3e78b4c14abdfd1
T 356415 0 # 4d25767f9dce13f5
N 16384 # 6a16e5daf32a16d9
T 438335 0 # 4d25767f9dce13f5
N 16384 # 4344a0d1b64ddcb5
T 520255 0 # 4d25767f9dce13f5
N 16384 # 2cb0b72a612c1d75
T 13375 0 # 4d25767f9dce13f5
N 16384 # 41f2044e6caa7b3d
T 95295 0 # 4d25767f9dce13f5
N 16384 # cd9240fa78fe951d
T 177215 0 # 4d25767f9dce13f5
N 16384 # 91b685f5424c5871
T 259135 0 # 4d25767f9dce13f5
N 16384 # 7c7c22589f72aec5
T 275519 0 # 4d25767f9dce13f5
N 16384 # 6ea1ea12c7b0494d
T 357439 0 # 4d25767f9dce13f5
N 16384 # e46bde4829b12715
T 439359 0 # 4d25767f9dce13f5
N 16384 # 1288abf140e8c401
T 521279 0 # 4d25767f9dce13f5
N 16384 # 27d899ea62e10335
T 14399 0 # 4d25767f9dce13f5
N 16384 # 41f2044e6caa7b3d
T 96319 0 # 4d25767f9dce13f5
N 16384 # 854501426004d671
T 178239 0 # 4d25767f9dce13f5
N 16384 # 552e29765c73b5bd
T 260159 0 # 4d25767f9dce13f5
N 16384 # 63fe3c6d77929401
T 276543 0 # 4d25767f9dce13f5
N 16384 # d614f54acf5dcecd
T 358463 0 # 4d25767f9dce13f5
N 16384 # 5d7b2cbc535a7429
T 440383 0 # 4d25767f9dce13f5
N 16384 # f05c2cdb3bd021c5
T 522303 0 # 4d25767f9dce13f5
N 16384 # 1f2a241e9e1e240d
T 15423 0 # 4d25767f9dce13f5
N 16384 # 41f2044e6caa7b3d
T 97343 0 # 4d25767f9dce13f5
N 16384 # 25be58b45e693be1
T 179263 0 # 4d25767f9dce13f5
N 16384 # b6b066bc419d34a9
T 261183 0 # 4d25767f9dce13f5
N 16384 # 157547a72f6e6be5
T 277567 0 # 4d25767f9dce13f5
N 16384 # 3896b3121572ac65
T 359487 0 # 4d25767f9dce13f5
N 16384 # c9e54a1bf8756d89
T 441407 0 # 4d25767f9dce13f5
N 16384 # b3b76f97a7cd8199
T 523327 0 # 4d25767f9dce13f5
N 16384 # 8fd4a9a1bcce3999
T 63 2 # 4d25767f9dce13f5
A 13 # 4d25767f9dce13f5
N 16384 # c3dbc1a0ea41b34b
R # 4d25767f9dce13f5
N 128 # 562219bd2087ac75
T 524351 2 # 4d25767f9dce13f5
A 13 # 4d25767f9dce13f5
N 16384 # af0f3344af2d60b7
R # 4d25767f9dce13f5
N 128 # 562219bd2087ac75
T 1048639 2 # 4d25767f9dce13f5
A 13 # 4d25767f9dce13f5
N 16384 # 0ce9009228cb867e
R # 4d25767f9dce13f5
N 128 # 562219bd2087ac75
T 1572927 2 # 4d25767f9dce13f5
A 13 # 4d25767f9dce13f5
N 16384 # af0f3344af2d60b7
R # 4d25767f9dce13f5
N 128 # 562219bd2087ac75
T 63 5 # 4d25767f9dce13f5
N 1024 # a33fe2bada21b75e
W 0 43 # 4d25767f9dce13f5
W 1 128 # 4d25767f9dce13f5
W 0 42 # 4d25767f9dce13f5
W 1 255 # 4d25767f9dce13f5
N 64 # 683f7bac214954b5
W 0 44 # 4d25767f9dce13f5
W 1 8 # 4d25767f9dce13f5
N 64 # 9abbc64cb9918435
W 0 42 # 4d25767f9dce13f5
W 1 0 # 4d25767f9dce13f5
N 64 # e657f62d582f7835
W 2 182 # 4d25767f9dce13f5
W 3 192 # 4d25767f9dce13f5
N 64 # 07a3a14a9b90d035
W 0 43 # 4d25767f9dce13f5
W 1 0 # 4d25767f9dce13f5
N 1024 # 8ba13c9d9d298879
T 63 0 # 4d25767f9dce13f5
U 9 1 # 4d25767f9dce13f5
U 18 2 # 4d25767f9dce13f5
U 27 3 # 4d25767f9dce13f5
U 36 4 # 4d25767f9dce13f5
U 45 5 # 4d25767f9dce13f5
N 8192 # 80829021c27f1bbb
W 0 43 # 4d25767f9dce13f5
W 1 128 # 4d25767f9dce13f5
W 0 42 # 4d25767f9dce13f5
W 1 255 # 4d25767f9dce13f5
N 2048 # d717382795743f66
W 0 43 # 4d25767f9dce13f5
W 1 0 # 4d25767f9dce13f5
N 4096 # 0a97512d13043bcf
T 0 0 # 4d25767f9dce13f5
A 143 # 4d25767f9dce13f5
W 0 80 # 4d25767f9dce13f5
W 1 20 # 4d25767f9dce13f5
A 1 # 5f242d39c2422be4
N 71 # 72cba1124a2b0fd6
W 0 80 # 4d25767f9dce13f5
W 1 31 # 4d25767f9dce13f5
N 4096 # abb2f69da4588229
W 0 180 # 4d25767f9dce13f5
W 1 0 # 4d25767f9dce13f5
N 1024 # 5e6df93145f29949
W 1 192 # 4d25767f9dce13f5
N 1024 # 96b67746c1a17509
W 0 40 # 4d25767f9dce13f5
W 1 0 # 4d25767f9dce13f5
N 257 # 53070f77e8f3c3cf
W 1 240 # 4d25767f9dce13f5
N 8192 # 50ecd2235bdfe895
T 63 0 # 4d25767f9dce13f5
W 0 164 # 4d25767f9dce13f5
W 1 0 # 4d25767f9dce13f5
W 0 160 # 4d25767f9dce13f5
W 1 0 # 4d25767f9dce13f5
W 0 48 # 4d25767f9dce13f5
W 1 127 # 4d25767f9dce13f5
N 4096 # aeab7d0997bdc52d
W 0 164 # 4d25767f9dce13f5
W 1 63 # 4d25767f9dce13f5
W 0 160 # 4d25767f9dce13f5
W 1 255 # 4d25767f9dce13f5
N 16384 # 29cd54d76ee5c52d
W 0 40 # 4d25767f9dce13f5
W 1 16 # 4d25767f9dce13f5
N 2048 # 186eca9ab2032ead
R # 4d25767f9dce13f5
N 31 # 205da9251629dc9a
