# Generated by tools/ym3438-reference.cpp against MAME
# bd7e0b815842ec461e8ad2538d127f3332f5c96c (YMFM BSD-3-Clause).
# Decimal commands; trailing hexadecimal FNV-1a digest covers normalized state.
# F digests include every state after each seeded operation. See MODEL1_AUDIO.md.
P # 411913f17c90a00d
W 0 36 # e3c6d09abe12cd89
W 3 255 # e3c6d09abe12cd89
W 1 255 # 21dc100ef58d026e
A 191 # 4e02950d60a8e1e7
W 2 36 # 112f658c9a37d358
W 1 42 # 112f658c9a37d358
A 1 # c5cec0bf6a8ee4e0
W 3 99 # 6a9b917ab4157933
A 192 # 87316547ef591e60
W 0 164 # 3ad2cb24d1aa7327
W 1 255 # 6133fa0feb7f0080
W 2 161 # e60507f65ae0793e
W 3 18 # 8ae120dbf30b3425
W 0 173 # 1d1fdd4ea783d34a
W 1 37 # f3932e76a28e78c9
W 0 170 # 3b612586d2b82546
W 1 69 # ac4082f7fdca8ef6
W 0 184 # a112272df33f7454
W 1 0 # a112272df33f7454
W 0 40 # 88cf3bb5ca4e0364
W 1 240 # 051499b1f09de6e1
W 1 85 # ff1cbdc6a3753edb
W 1 243 # 73baa76dec7fd47d
W 2 40 # 74bf22888546b236
W 3 0 # 74bf22888546b236
W 0 42 # 28eacfee0e7b382f
W 1 255 # ff059be7271e1471
W 0 43 # 2128ec6343bfc39c
W 1 128 # acf2211052662c31
W 0 44 # ac5b64b1878bc1ca
W 1 8 # 5ed0fc8eafcd4d5f
R # c9bdea4818da2885
P # 411913f17c90a00d
A 13 # e410452d34e2e6e6
W 0 36 # 86be01d676651462
W 1 255 # 7ee4ded33d3abb95
W 0 37 # e6b529ef8291ae9c
W 1 3 # 59d566aeb4562221
W 0 38 # f641ec8c2db6409a
W 1 255 # 40851ee676b72a45
W 0 39 # beb35b16d7ca85cc
W 1 143 # ebc8cf163320e646
A 143 # 037d6686f1940ece
A 1 # 91447d0b0c2a71b3
A 47 # 31a79af96358bb81
A 1 # 3b12722621c70613
A 82 # 12648be72d079318
A 1 # 2a43a325c3a1ff71
A 13 # 9e1728ed113d9f1d
W 1 191 # e20b9498a2a108fd
A 288 # 4b0ae395ac3fe7fc
W 0 37 # 876a6fc4190093ca
W 1 2 # 6d5a1b197221abb1
A 144 # c44136dff7033093
A 1 # 9ed1fb26d0b9029d
W 0 39 # aa250c3782dba7ef
W 1 193 # 1623df6530de453f
A 3000 # e40f59c05044c6f3
R # 623e146b9b9db511
W 0 38 # 0ad9e35abee0f878
W 1 255 # e270159907dcdd97
W 0 39 # 439f764f08a68b7e
W 1 10 # e841a91f5ad4623d
A 2304 # fe7008b496c5db78
W 1 0 # 34852ef68df697b7
W 1 32 # 82dc943de9746f6e
P # 411913f17c90a00d
F 305419896 4096 # 1c3e7ad972e4fa68
R # 1ea4ae8c48c087cb
F 2271560481 4096 # 930e1c9424056b22
P # 411913f17c90a00d
F 1 4096 # c222741bcef1ee63
R # fab224a5f6a3d6ba
F 4294967295 4096 # 6231c8242c17c230
